21:04:54 **** Incremental Build of configuration Debug for project Sahara ****
make -j16 all 
arm-none-eabi-gcc "../Core/Src/main.c" -mcpu=cortex-m3 -std=gnu11 -g3 -DDEBUG -DUSE_HAL_DRIVER -DSTM32F103xB -c -I../Core/Inc -I../Drivers/STM32F1xx_HAL_Driver/Inc/Legacy -I../Drivers/STM32F1xx_HAL_Driver/Inc -I../Drivers/CMSIS/Device/ST/STM32F1xx/Include -I../Drivers/CMSIS/Include -O0 -ffunction-sections -fdata-sections -Wall -fstack-usage -fcyclomatic-complexity -MMD -MP -MF"Core/Src/main.d" -MT"Core/Src/main.o" --specs=nano.specs -mfloat-abi=soft -mthumb -o "Core/Src/main.o"
arm-none-eabi-gcc -o "Sahara.elf" @"objects.list"   -mcpu=cortex-m3 -T"X:\PROJECTS\Sahara\Software\Workspace\STM32F103CBTX_FLASH.ld" --specs=nosys.specs -Wl,-Map="Sahara.map" -Wl,--gc-sections -static --specs=nano.specs -mfloat-abi=soft -mthumb -Wl,--start-group -lc -lm -Wl,--end-group
Finished building target: Sahara.elf
 
arm-none-eabi-size  Sahara.elf 
arm-none-eabi-objdump -h -S Sahara.elf  > "Sahara.list"
   text	   data	    bss	    dec	    hex	filename
  18312	     24	   1848	  20184	   4ed8	Sahara.elf
Finished building: default.size.stdout
 
Finished building: Sahara.list
 
21:05:00 **** Incremental Build of configuration Debug for project Sahara ****
make -j16 all 
arm-none-eabi-size  Sahara.elf 
   text	   data	    bss	    dec	    hex	filename
  18312	     24	   1848	  20184	   4ed8	Sahara.elf
Finished building: default.size.stdout
 
21:05:17 **** Incremental Build of configuration Debug for project Sahara ****
make -j16 all 
arm-none-eabi-size  Sahara.elf 
   text	   data	    bss	    dec	    hex	filename
  18312	     24	   1848	  20184	   4ed8	Sahara.elf
Finished building: default.size.stdout
 
21:09:30 **** Incremental Build of configuration Debug for project Sahara ****
make -j16 all 
arm-none-eabi-size  Sahara.elf 
   text	   data	    bss	    dec	    hex	filename
  18312	     24	   1848	  20184	   4ed8	Sahara.elf
Finished building: default.size.stdout
 
21:13:04 **** Incremental Build of configuration Debug for project Sahara ****
make -j16 all 
arm-none-eabi-gcc "../Core/Src/main.c" -mcpu=cortex-m3 -std=gnu11 -g3 -DDEBUG -DUSE_HAL_DRIVER -DSTM32F103xB -c -I../Core/Inc -I../Drivers/STM32F1xx_HAL_Driver/Inc/Legacy -I../Drivers/STM32F1xx_HAL_Driver/Inc -I../Drivers/CMSIS/Device/ST/STM32F1xx/Include -I../Drivers/CMSIS/Include -O0 -ffunction-sections -fdata-sections -Wall -fstack-usage -fcyclomatic-complexity -MMD -MP -MF"Core/Src/main.d" -MT"Core/Src/main.o" --specs=nano.specs -mfloat-abi=soft -mthumb -o "Core/Src/main.o"
arm-none-eabi-gcc -o "Sahara.elf" @"objects.list"   -mcpu=cortex-m3 -T"X:\PROJECTS\Sahara\Software\Workspace\STM32F103CBTX_FLASH.ld" --specs=nosys.specs -Wl,-Map="Sahara.map" -Wl,--gc-sections -static --specs=nano.specs -mfloat-abi=soft -mthumb -Wl,--start-group -lc -lm -Wl,--end-group
Finished building target: Sahara.elf
 
arm-none-eabi-size  Sahara.elf 
arm-none-eabi-objdump -h -S Sahara.elf  > "Sahara.list"
   text	   data	    bss	    dec	    hex	filename
  18396	     24	   1848	  20268	   4f2c	Sahara.elf
Finished building: default.size.stdout
 
Finished building: Sahara.list
 
