../Core/Src/main.c:70:5:isNthBitSet	16	static
../Core/Src/main.c:75:6:DisplayNumber	16	static
../Core/Src/main.c:92:6:set_alarm	32	static
../Core/Src/main.c:117:5:main	8	static
../Core/Src/main.c:199:6:SystemClock_Config	88	static
../Core/Src/main.c:247:13:MX_RTC_Init	8	static
../Core/Src/main.c:278:13:MX_SPI1_Init	8	static
../Core/Src/main.c:316:13:MX_TIM1_Init	56	static
../Core/Src/main.c:366:13:MX_GPIO_Init	40	static
../Core/Src/main.c:404:6:HAL_RTC_AlarmAEventCallback	16	static
../Core/Src/main.c:422:6:Error_Handler	4	static,ignoring_inline_asm
